2026-04-04 17:13:41,955 - INFO - 日志文件: D:\trae_projects\Stock_strategies\StockStrategy_1020\dist\1020StockStrategy\logs\data_update_20260404_171341.log
2026-04-04 17:13:42,465 - INFO - Tushare API 初始化成功
2026-04-04 17:13:42,479 - INFO - 找到 5191 只股票数据文件
2026-04-04 17:13:42,539 - INFO - 开始更新数据...
2026-04-04 17:13:42,539 - INFO - ==================================================
2026-04-04 17:13:42,539 - INFO - 开始批量更新股票数据
2026-04-04 17:13:42,540 - INFO - 目标日期: 20260404
2026-04-04 17:13:42,540 - INFO - ==================================================
2026-04-04 17:13:42,555 - INFO - 找到 5191 只股票数据文件
2026-04-04 17:13:42,569 - INFO - 找到 5191 只股票数据文件
2026-04-04 17:13:42,570 - INFO - [1/5191] 处理 000001.SZ 平安银行
2026-04-04 17:13:42,683 - INFO - 找到 5191 只股票数据文件
2026-04-04 17:13:42,684 - INFO - [2/5191] 处理 000002.SZ 万科Ａ
2026-04-04 17:13:42,798 - INFO - 找到 5191 只股票数据文件
2026-04-04 17:13:42,800 - INFO - [3/5191] 处理 000004.SZ _ST国华
2026-04-04 17:13:42,914 - INFO - 找到 5191 只股票数据文件
2026-04-04 17:13:42,915 - INFO - [4/5191] 处理 000006.SZ 深振业Ａ
2026-04-04 17:13:43,028 - INFO - 找到 5191 只股票数据文件
2026-04-04 17:13:43,029 - INFO - [5/5191] 处理 000007.SZ 全新好
2026-04-04 17:13:43,146 - INFO - 找到 5191 只股票数据文件
2026-04-04 17:13:43,147 - INFO - [6/5191] 处理 000008.SZ 神州高铁
2026-04-04 17:13:43,260 - INFO - 找到 5191 只股票数据文件
2026-04-04 17:13:43,261 - INFO - [7/5191] 处理 000009.SZ 中国宝安
2026-04-04 17:13:43,374 - INFO - 找到 5191 只股票数据文件
2026-04-04 17:13:43,374 - INFO - [8/5191] 处理 000010.SZ 美丽生态
2026-04-04 17:13:43,487 - INFO - 找到 5191 只股票数据文件
2026-04-04 17:13:43,488 - INFO - [9/5191] 处理 000011.SZ 深物业A
2026-04-04 17:13:43,600 - INFO - 找到 5191 只股票数据文件
2026-04-04 17:13:43,603 - INFO - [10/5191] 处理 000012.SZ 南玻Ａ
2026-04-04 17:13:43,716 - INFO - 找到 5191 只股票数据文件
2026-04-04 17:13:43,717 - INFO - [11/5191] 处理 000014.SZ 沙河股份
2026-04-04 17:13:43,830 - INFO - 找到 5191 只股票数据文件
2026-04-04 17:13:43,831 - INFO - [12/5191] 处理 000016.SZ 深康佳Ａ
2026-04-04 17:13:43,944 - INFO - 找到 5191 只股票数据文件
2026-04-04 17:13:43,945 - INFO - [13/5191] 处理 000017.SZ 深中华A
2026-04-04 17:13:44,059 - INFO - 找到 5191 只股票数据文件
2026-04-04 17:13:44,060 - INFO - [14/5191] 处理 000019.SZ 深粮控股
2026-04-04 17:13:44,174 - INFO - 找到 5191 只股票数据文件
2026-04-04 17:13:44,175 - INFO - [15/5191] 处理 000020.SZ 深华发Ａ
2026-04-04 17:13:44,289 - INFO - 找到 5191 只股票数据文件
2026-04-04 17:13:44,291 - INFO - [16/5191] 处理 000021.SZ 深科技
2026-04-04 17:13:44,405 - INFO - 找到 5191 只股票数据文件
2026-04-04 17:13:44,406 - INFO - [17/5191] 处理 000025.SZ 特力Ａ
2026-04-04 17:13:44,524 - INFO - 找到 5191 只股票数据文件
2026-04-04 17:13:44,525 - INFO - [18/5191] 处理 000026.SZ 飞亚达
2026-04-04 17:13:44,641 - INFO - 找到 5191 只股票数据文件
2026-04-04 17:13:44,642 - INFO - 更新 000027.SZ 深圳能源，当前截止日期: 20260403
2026-04-04 17:13:44,655 - INFO - 获取 000027.SZ 从 20260403 到 20260404 的数据
2026-04-04 17:13:44,804 - INFO - 获取 000027.SZ 数据成功: 1 条记录
2026-04-04 17:13:44,808 - INFO - 删除旧文件: D:\trae_projects\Stock_strategies\StockStrategy_1020\dist\1020StockStrategy\A股上市公司数据\000027.SZ_深圳能源_tushare_20250324_20260403.csv
2026-04-04 17:13:44,808 - INFO - 成功更新 000027.SZ 深圳能源，新文件: 000027.SZ_深圳能源_tushare_20250324_20260404.csv
2026-04-04 17:13:44,808 - INFO - [19/5191] 处理 000027.SZ 深圳能源
2026-04-04 17:13:44,922 - INFO - 找到 5191 只股票数据文件
2026-04-04 17:13:44,923 - INFO - 更新 000028.SZ 国药一致，当前截止日期: 20260403
2026-04-04 17:13:44,935 - INFO - 获取 000028.SZ 从 20260403 到 20260404 的数据
2026-04-04 17:13:45,066 - INFO - 获取 000028.SZ 数据成功: 1 条记录
2026-04-04 17:13:45,070 - INFO - 删除旧文件: D:\trae_projects\Stock_strategies\StockStrategy_1020\dist\1020StockStrategy\A股上市公司数据\000028.SZ_国药一致_tushare_20250324_20260403.csv
2026-04-04 17:13:45,071 - INFO - 成功更新 000028.SZ 国药一致，新文件: 000028.SZ_国药一致_tushare_20250324_20260404.csv
2026-04-04 17:13:45,071 - INFO - [20/5191] 处理 000028.SZ 国药一致
2026-04-04 17:13:45,188 - INFO - 找到 5191 只股票数据文件
2026-04-04 17:13:45,189 - INFO - 更新 000029.SZ 深深房Ａ，当前截止日期: 20260403
2026-04-04 17:13:45,201 - INFO - 获取 000029.SZ 从 20260403 到 20260404 的数据
2026-04-04 17:13:45,313 - INFO - 获取 000029.SZ 数据成功: 1 条记录
2026-04-04 17:13:45,317 - INFO - 删除旧文件: D:\trae_projects\Stock_strategies\StockStrategy_1020\dist\1020StockStrategy\A股上市公司数据\000029.SZ_深深房Ａ_tushare_20250324_20260403.csv
2026-04-04 17:13:45,317 - INFO - 成功更新 000029.SZ 深深房Ａ，新文件: 000029.SZ_深深房Ａ_tushare_20250324_20260404.csv
2026-04-04 17:13:45,317 - INFO - [21/5191] 处理 000029.SZ 深深房Ａ
2026-04-04 17:13:45,434 - INFO - 找到 5191 只股票数据文件
2026-04-04 17:13:45,435 - INFO - 更新 000030.SZ 富奥股份，当前截止日期: 20260403
2026-04-04 17:13:45,446 - INFO - 获取 000030.SZ 从 20260403 到 20260404 的数据
2026-04-04 17:13:45,557 - INFO - 获取 000030.SZ 数据成功: 1 条记录
2026-04-04 17:13:45,561 - INFO - 删除旧文件: D:\trae_projects\Stock_strategies\StockStrategy_1020\dist\1020StockStrategy\A股上市公司数据\000030.SZ_富奥股份_tushare_20250324_20260403.csv
2026-04-04 17:13:45,561 - INFO - 成功更新 000030.SZ 富奥股份，新文件: 000030.SZ_富奥股份_tushare_20250324_20260404.csv
2026-04-04 17:13:45,561 - INFO - [22/5191] 处理 000030.SZ 富奥股份
2026-04-04 17:13:45,662 - INFO - 用户请求停止更新
2026-04-04 17:13:45,662 - INFO - ==================================================
2026-04-04 17:13:45,662 - INFO - 更新完成
2026-04-04 17:13:45,662 - INFO - 成功: 22, 失败: 0, 总计: 5191
2026-04-04 17:13:45,662 - INFO - ==================================================
